exports[`test jest CoursesPages snapshot test 1`] = `<CoursesPage />`;
