exports[`test jest CoursesPages incremental snapshot test 1`] = `<CoursesPage />`;
