exports[`test jest snapshot test 1`] = `
<div>
   goodbye 
</div>
`;
