exports[`test jest Login incremental snapshot test 1`] = `<Login />`;
