// Jest Snapshot v1, https://goo.gl/fbAQLP

exports[`MyCoursesPage after loading course 1 with test user should have the correct course 1 name and title. 1`] = `""`;

exports[`jest MyCoursesPages incremental snapshot test 1`] = `
ShallowWrapper {
  "complexSelector": ComplexSelector {
    "buildPredicate": [Function],
    "childrenOfNode": [Function],
    "findWhereUnwrapped": [Function],
  },
  "length": 1,
  "node": <Grid>
    <Row
        center="xs"
        middle="xs"
        style={
            Object {
                "height": "50%",
              }
        }
    >
        <Pulse
            duration="1s"
            scaleEnd={1}
            scaleStart={0}
            size={100}
        />
    </Row>
</Grid>,
  "nodes": Array [
    <Grid>
      <Row
            center="xs"
            middle="xs"
            style={
                  Object {
                        "height": "50%",
                      }
            }
      >
            <Pulse
                  duration="1s"
                  scaleEnd={1}
                  scaleStart={0}
                  size={100}
            />
      </Row>
</Grid>,
  ],
  "options": Object {},
  "renderer": ReactShallowRenderer {
    "_instance": ShallowComponentWrapper {
      "_calledComponentWillUnmount": false,
      "_compositeType": 0,
      "_context": Object {},
      "_currentElement": <Unknown />,
      "_debugID": 1,
      "_hostContainerInfo": null,
      "_hostParent": null,
      "_instance":  {
        "_reactInternalInstance": [Circular],
        "context": Object {},
        "props": Object {},
        "refs": Object {},
        "render": [Function],
        "state": null,
        "updater": Object {
          "enqueueCallback": [Function],
          "enqueueCallbackInternal": [Function],
          "enqueueElementInternal": [Function],
          "enqueueForceUpdate": [Function],
          "enqueueReplaceState": [Function],
          "enqueueSetState": [Function],
          "isMounted": [Function],
          "validateCallback": [Function],
        },
      },
      "_mountOrder": 1,
      "_pendingCallbacks": null,
      "_pendingElement": null,
      "_pendingForceUpdate": false,
      "_pendingReplaceState": false,
      "_pendingStateQueue": null,
      "_renderedComponent": NoopInternalComponent {
        "_currentElement": <Grid>
          <Row
                    center="xs"
                    middle="xs"
                    style={
                              Object {
                                        "height": "50%",
                                      }
                    }
          >
                    <Pulse
                              duration="1s"
                              scaleEnd={1}
                              scaleStart={0}
                              size={100}
                    />
          </Row>
</Grid>,
        "_debugID": 2,
        "_renderedOutput": <Grid>
          <Row
                    center="xs"
                    middle="xs"
                    style={
                              Object {
                                        "height": "50%",
                                      }
                    }
          >
                    <Pulse
                              duration="1s"
                              scaleEnd={1}
                              scaleStart={0}
                              size={100}
                    />
          </Row>
</Grid>,
      },
      "_renderedNodeType": 1,
      "_rootNodeID": 0,
      "_topLevelWrapper": null,
      "_updateBatchNumber": null,
      "_warnedAboutRefsInRender": false,
    },
    "getRenderOutput": [Function],
    "render": [Function],
  },
  "root": [Circular],
  "unrendered": <Unknown />,
}
`;
