// Jest Snapshot v1, https://goo.gl/fbAQLP

exports[`jest Signup incremental snapshot test 1`] = `<inject-Signup-with-router />`;
